[2025-08-18T09:59:38.246+0000] {manager.py:470} INFO - Processing files using up to 2 processes at a time 
[2025-08-18T09:59:38.248+0000] {manager.py:471} INFO - Process each file at most once every 30 seconds
[2025-08-18T09:59:38.249+0000] {manager.py:472} INFO - Checking for new files in /opt/airflow/dags every 300 seconds
[2025-08-18T09:59:38.250+0000] {manager.py:737} INFO - Searching for files in /opt/airflow/dags
[2025-08-18T09:59:38.251+0000] {manager.py:740} INFO - There are 0 files in /opt/airflow/dags
[2025-08-18T10:40:23.650+0000] {manager.py:737} INFO - Searching for files in /opt/airflow/dags
[2025-08-18T10:40:23.684+0000] {manager.py:740} INFO - There are 0 files in /opt/airflow/dags
[2025-08-18T10:45:24.584+0000] {manager.py:737} INFO - Searching for files in /opt/airflow/dags
[2025-08-18T10:45:24.587+0000] {manager.py:740} INFO - There are 0 files in /opt/airflow/dags
[2025-08-18T10:50:25.321+0000] {manager.py:737} INFO - Searching for files in /opt/airflow/dags
[2025-08-18T10:50:25.324+0000] {manager.py:740} INFO - There are 0 files in /opt/airflow/dags
[2025-08-18T10:55:26.033+0000] {manager.py:737} INFO - Searching for files in /opt/airflow/dags
[2025-08-18T10:55:26.035+0000] {manager.py:740} INFO - There are 0 files in /opt/airflow/dags
[2025-08-18T11:00:26.795+0000] {manager.py:737} INFO - Searching for files in /opt/airflow/dags
[2025-08-18T11:00:26.800+0000] {manager.py:740} INFO - There are 0 files in /opt/airflow/dags
[2025-08-18T11:05:27.501+0000] {manager.py:737} INFO - Searching for files in /opt/airflow/dags
[2025-08-18T11:05:27.503+0000] {manager.py:740} INFO - There are 0 files in /opt/airflow/dags
[2025-08-18T11:10:28.270+0000] {manager.py:737} INFO - Searching for files in /opt/airflow/dags
[2025-08-18T11:10:28.273+0000] {manager.py:740} INFO - There are 0 files in /opt/airflow/dags
[2025-08-18T11:15:28.613+0000] {manager.py:737} INFO - Searching for files in /opt/airflow/dags
[2025-08-18T11:15:28.616+0000] {manager.py:740} INFO - There are 0 files in /opt/airflow/dags
[2025-08-18T11:20:29.420+0000] {manager.py:737} INFO - Searching for files in /opt/airflow/dags
[2025-08-18T11:20:29.424+0000] {manager.py:740} INFO - There are 0 files in /opt/airflow/dags
[2025-08-18T11:25:30.208+0000] {manager.py:737} INFO - Searching for files in /opt/airflow/dags
[2025-08-18T11:25:30.210+0000] {manager.py:740} INFO - There are 0 files in /opt/airflow/dags
[2025-08-18T11:30:30.973+0000] {manager.py:737} INFO - Searching for files in /opt/airflow/dags
[2025-08-18T11:30:30.976+0000] {manager.py:740} INFO - There are 0 files in /opt/airflow/dags
[2025-08-18T11:35:31.680+0000] {manager.py:737} INFO - Searching for files in /opt/airflow/dags
[2025-08-18T11:35:31.683+0000] {manager.py:740} INFO - There are 0 files in /opt/airflow/dags
[2025-08-18T11:40:32.502+0000] {manager.py:737} INFO - Searching for files in /opt/airflow/dags
[2025-08-18T11:40:32.505+0000] {manager.py:740} INFO - There are 0 files in /opt/airflow/dags
[2025-08-18T11:45:33.246+0000] {manager.py:737} INFO - Searching for files in /opt/airflow/dags
[2025-08-18T11:45:33.250+0000] {manager.py:740} INFO - There are 0 files in /opt/airflow/dags
[2025-08-18T11:50:33.983+0000] {manager.py:737} INFO - Searching for files in /opt/airflow/dags
[2025-08-18T11:50:33.987+0000] {manager.py:740} INFO - There are 0 files in /opt/airflow/dags
[2025-08-18T11:55:34.735+0000] {manager.py:737} INFO - Searching for files in /opt/airflow/dags
[2025-08-18T11:55:34.738+0000] {manager.py:740} INFO - There are 0 files in /opt/airflow/dags
[2025-08-18T12:00:35.480+0000] {manager.py:737} INFO - Searching for files in /opt/airflow/dags
[2025-08-18T12:00:35.483+0000] {manager.py:740} INFO - There are 0 files in /opt/airflow/dags
[2025-08-18T12:05:36.184+0000] {manager.py:737} INFO - Searching for files in /opt/airflow/dags
[2025-08-18T12:05:36.186+0000] {manager.py:740} INFO - There are 0 files in /opt/airflow/dags
[2025-08-18T12:10:36.951+0000] {manager.py:737} INFO - Searching for files in /opt/airflow/dags
[2025-08-18T12:10:36.955+0000] {manager.py:740} INFO - There are 0 files in /opt/airflow/dags
[2025-08-18T12:15:37.749+0000] {manager.py:737} INFO - Searching for files in /opt/airflow/dags
[2025-08-18T12:15:37.751+0000] {manager.py:740} INFO - There are 0 files in /opt/airflow/dags
[2025-08-18T12:20:38.510+0000] {manager.py:737} INFO - Searching for files in /opt/airflow/dags
[2025-08-18T12:20:38.512+0000] {manager.py:740} INFO - There are 0 files in /opt/airflow/dags
[2025-08-18T12:25:39.187+0000] {manager.py:737} INFO - Searching for files in /opt/airflow/dags
[2025-08-18T12:25:39.190+0000] {manager.py:740} INFO - There are 0 files in /opt/airflow/dags
[2025-08-18T12:30:39.810+0000] {manager.py:737} INFO - Searching for files in /opt/airflow/dags
[2025-08-18T12:30:39.812+0000] {manager.py:740} INFO - There are 0 files in /opt/airflow/dags
[2025-08-18T12:35:40.368+0000] {manager.py:737} INFO - Searching for files in /opt/airflow/dags
[2025-08-18T12:35:40.371+0000] {manager.py:740} INFO - There are 0 files in /opt/airflow/dags
[2025-08-18T12:40:40.964+0000] {manager.py:737} INFO - Searching for files in /opt/airflow/dags
[2025-08-18T12:40:40.967+0000] {manager.py:740} INFO - There are 0 files in /opt/airflow/dags
[2025-08-18T12:45:41.546+0000] {manager.py:737} INFO - Searching for files in /opt/airflow/dags
[2025-08-18T12:45:41.548+0000] {manager.py:740} INFO - There are 0 files in /opt/airflow/dags
[2025-08-18T12:50:42.166+0000] {manager.py:737} INFO - Searching for files in /opt/airflow/dags
[2025-08-18T12:50:42.170+0000] {manager.py:740} INFO - There are 0 files in /opt/airflow/dags
[2025-08-18T12:55:42.658+0000] {manager.py:737} INFO - Searching for files in /opt/airflow/dags
[2025-08-18T12:55:42.660+0000] {manager.py:740} INFO - There are 0 files in /opt/airflow/dags
[2025-08-18T12:56:12.795+0000] {manager.py:452} INFO - Exiting gracefully upon receiving signal 15
[2025-08-18T12:57:18.338+0000] {manager.py:470} INFO - Processing files using up to 2 processes at a time 
[2025-08-18T12:57:18.339+0000] {manager.py:471} INFO - Process each file at most once every 30 seconds
[2025-08-18T12:57:18.339+0000] {manager.py:472} INFO - Checking for new files in /opt/airflow/dags every 300 seconds
[2025-08-18T12:57:18.340+0000] {manager.py:737} INFO - Searching for files in /opt/airflow/dags
[2025-08-18T12:57:18.340+0000] {manager.py:740} INFO - There are 0 files in /opt/airflow/dags
[2025-08-18T13:02:18.964+0000] {manager.py:737} INFO - Searching for files in /opt/airflow/dags
[2025-08-18T13:02:18.986+0000] {manager.py:740} INFO - There are 0 files in /opt/airflow/dags
[2025-08-18T13:07:19.612+0000] {manager.py:737} INFO - Searching for files in /opt/airflow/dags
[2025-08-18T13:07:19.628+0000] {manager.py:740} INFO - There are 0 files in /opt/airflow/dags
[2025-08-18T13:12:20.233+0000] {manager.py:737} INFO - Searching for files in /opt/airflow/dags
[2025-08-18T13:12:20.235+0000] {manager.py:740} INFO - There are 0 files in /opt/airflow/dags
[2025-08-18T13:17:20.806+0000] {manager.py:737} INFO - Searching for files in /opt/airflow/dags
[2025-08-18T13:17:20.808+0000] {manager.py:740} INFO - There are 0 files in /opt/airflow/dags
[2025-08-18T13:22:21.462+0000] {manager.py:737} INFO - Searching for files in /opt/airflow/dags
[2025-08-18T13:22:21.464+0000] {manager.py:740} INFO - There are 0 files in /opt/airflow/dags
[2025-08-18T13:27:22.074+0000] {manager.py:737} INFO - Searching for files in /opt/airflow/dags
[2025-08-18T13:27:22.077+0000] {manager.py:740} INFO - There are 0 files in /opt/airflow/dags
[2025-08-18T13:32:22.725+0000] {manager.py:737} INFO - Searching for files in /opt/airflow/dags
[2025-08-18T13:32:22.728+0000] {manager.py:740} INFO - There are 0 files in /opt/airflow/dags
[2025-08-18T13:37:23.302+0000] {manager.py:737} INFO - Searching for files in /opt/airflow/dags
[2025-08-18T13:37:23.305+0000] {manager.py:740} INFO - There are 0 files in /opt/airflow/dags
[2025-08-18T13:42:23.962+0000] {manager.py:737} INFO - Searching for files in /opt/airflow/dags
[2025-08-18T13:42:23.964+0000] {manager.py:740} INFO - There are 0 files in /opt/airflow/dags
[2025-08-18T13:47:24.543+0000] {manager.py:737} INFO - Searching for files in /opt/airflow/dags
[2025-08-18T13:47:24.546+0000] {manager.py:740} INFO - There are 0 files in /opt/airflow/dags
[2025-08-18T13:52:25.163+0000] {manager.py:737} INFO - Searching for files in /opt/airflow/dags
[2025-08-18T13:52:25.164+0000] {manager.py:740} INFO - There are 0 files in /opt/airflow/dags
[2025-08-18T13:57:25.813+0000] {manager.py:737} INFO - Searching for files in /opt/airflow/dags
[2025-08-18T13:57:25.815+0000] {manager.py:740} INFO - There are 0 files in /opt/airflow/dags
[2025-08-18T14:02:26.436+0000] {manager.py:737} INFO - Searching for files in /opt/airflow/dags
[2025-08-18T14:02:26.440+0000] {manager.py:740} INFO - There are 0 files in /opt/airflow/dags
[2025-08-18T14:07:27.127+0000] {manager.py:737} INFO - Searching for files in /opt/airflow/dags
[2025-08-18T14:07:27.129+0000] {manager.py:740} INFO - There are 0 files in /opt/airflow/dags
[2025-08-18T14:12:27.910+0000] {manager.py:737} INFO - Searching for files in /opt/airflow/dags
[2025-08-18T14:12:27.912+0000] {manager.py:740} INFO - There are 0 files in /opt/airflow/dags
[2025-08-18T14:17:28.612+0000] {manager.py:737} INFO - Searching for files in /opt/airflow/dags
[2025-08-18T14:17:28.614+0000] {manager.py:740} INFO - There are 0 files in /opt/airflow/dags
[2025-08-18T14:42:57.568+0000] {manager.py:737} INFO - Searching for files in /opt/airflow/dags
[2025-08-18T14:42:57.572+0000] {manager.py:740} INFO - There are 0 files in /opt/airflow/dags
[2025-08-18T14:47:58.338+0000] {manager.py:737} INFO - Searching for files in /opt/airflow/dags
[2025-08-18T14:47:58.341+0000] {manager.py:740} INFO - There are 0 files in /opt/airflow/dags
[2025-08-18T14:52:59.058+0000] {manager.py:737} INFO - Searching for files in /opt/airflow/dags
[2025-08-18T14:52:59.061+0000] {manager.py:740} INFO - There are 0 files in /opt/airflow/dags
[2025-08-18T14:57:59.755+0000] {manager.py:737} INFO - Searching for files in /opt/airflow/dags
[2025-08-18T14:57:59.757+0000] {manager.py:740} INFO - There are 0 files in /opt/airflow/dags
[2025-08-18T15:03:00.463+0000] {manager.py:737} INFO - Searching for files in /opt/airflow/dags
[2025-08-18T15:03:00.465+0000] {manager.py:740} INFO - There are 0 files in /opt/airflow/dags
[2025-08-18T15:08:01.185+0000] {manager.py:737} INFO - Searching for files in /opt/airflow/dags
[2025-08-18T15:08:01.188+0000] {manager.py:740} INFO - There are 0 files in /opt/airflow/dags
[2025-08-18T15:13:01.935+0000] {manager.py:737} INFO - Searching for files in /opt/airflow/dags
[2025-08-18T15:13:01.937+0000] {manager.py:740} INFO - There are 0 files in /opt/airflow/dags
[2025-08-18T15:18:02.594+0000] {manager.py:737} INFO - Searching for files in /opt/airflow/dags
[2025-08-18T15:18:02.617+0000] {manager.py:740} INFO - There are 0 files in /opt/airflow/dags
[2025-08-18T15:23:03.333+0000] {manager.py:737} INFO - Searching for files in /opt/airflow/dags
[2025-08-18T15:23:03.340+0000] {manager.py:740} INFO - There are 0 files in /opt/airflow/dags
[2025-08-18T15:28:04.061+0000] {manager.py:737} INFO - Searching for files in /opt/airflow/dags
[2025-08-18T15:28:04.065+0000] {manager.py:740} INFO - There are 0 files in /opt/airflow/dags
[2025-08-18T15:33:04.729+0000] {manager.py:737} INFO - Searching for files in /opt/airflow/dags
[2025-08-18T15:33:04.732+0000] {manager.py:740} INFO - There are 0 files in /opt/airflow/dags
[2025-08-18T15:38:05.498+0000] {manager.py:737} INFO - Searching for files in /opt/airflow/dags
[2025-08-18T15:38:05.502+0000] {manager.py:740} INFO - There are 0 files in /opt/airflow/dags
[2025-08-18T15:43:06.296+0000] {manager.py:737} INFO - Searching for files in /opt/airflow/dags
[2025-08-18T15:43:06.298+0000] {manager.py:740} INFO - There are 0 files in /opt/airflow/dags
[2025-08-18T15:48:07.050+0000] {manager.py:737} INFO - Searching for files in /opt/airflow/dags
[2025-08-18T15:48:07.052+0000] {manager.py:740} INFO - There are 0 files in /opt/airflow/dags
[2025-08-18T15:53:07.780+0000] {manager.py:737} INFO - Searching for files in /opt/airflow/dags
[2025-08-18T15:53:07.782+0000] {manager.py:740} INFO - There are 0 files in /opt/airflow/dags
[2025-08-18T15:58:08.542+0000] {manager.py:737} INFO - Searching for files in /opt/airflow/dags
[2025-08-18T15:58:08.545+0000] {manager.py:740} INFO - There are 0 files in /opt/airflow/dags
[2025-08-18T16:00:33.710+0000] {manager.py:452} INFO - Exiting gracefully upon receiving signal 15
[2025-08-18T16:00:54.906+0000] {manager.py:470} INFO - Processing files using up to 2 processes at a time 
[2025-08-18T16:00:54.908+0000] {manager.py:471} INFO - Process each file at most once every 30 seconds
[2025-08-18T16:00:54.909+0000] {manager.py:472} INFO - Checking for new files in /opt/airflow/dags every 300 seconds
[2025-08-18T16:00:54.910+0000] {manager.py:737} INFO - Searching for files in /opt/airflow/dags
[2025-08-18T16:00:54.912+0000] {manager.py:740} INFO - There are 0 files in /opt/airflow/dags
[2025-08-18T21:55:27.434+0000] {manager.py:737} INFO - Searching for files in /opt/airflow/dags
[2025-08-18T21:55:27.437+0000] {manager.py:740} INFO - There are 0 files in /opt/airflow/dags
[2025-08-18T22:00:28.180+0000] {manager.py:737} INFO - Searching for files in /opt/airflow/dags
[2025-08-18T22:00:28.202+0000] {manager.py:740} INFO - There are 0 files in /opt/airflow/dags
[2025-08-18T22:05:28.959+0000] {manager.py:737} INFO - Searching for files in /opt/airflow/dags
[2025-08-18T22:05:28.963+0000] {manager.py:740} INFO - There are 0 files in /opt/airflow/dags
[2025-08-18T22:10:29.744+0000] {manager.py:737} INFO - Searching for files in /opt/airflow/dags
[2025-08-18T22:10:29.748+0000] {manager.py:740} INFO - There are 0 files in /opt/airflow/dags
[2025-08-18T22:15:30.512+0000] {manager.py:737} INFO - Searching for files in /opt/airflow/dags
[2025-08-18T22:15:30.516+0000] {manager.py:740} INFO - There are 0 files in /opt/airflow/dags
[2025-08-18T22:20:31.272+0000] {manager.py:737} INFO - Searching for files in /opt/airflow/dags
[2025-08-18T22:20:31.276+0000] {manager.py:740} INFO - There are 0 files in /opt/airflow/dags
[2025-08-18T22:25:32.073+0000] {manager.py:737} INFO - Searching for files in /opt/airflow/dags
[2025-08-18T22:25:32.076+0000] {manager.py:740} INFO - There are 0 files in /opt/airflow/dags
[2025-08-18T22:31:11.630+0000] {manager.py:737} INFO - Searching for files in /opt/airflow/dags
[2025-08-18T22:31:11.632+0000] {manager.py:740} INFO - There are 0 files in /opt/airflow/dags
[2025-08-18T22:36:12.412+0000] {manager.py:737} INFO - Searching for files in /opt/airflow/dags
[2025-08-18T22:36:12.418+0000] {manager.py:740} INFO - There are 0 files in /opt/airflow/dags
[2025-08-18T22:41:13.205+0000] {manager.py:737} INFO - Searching for files in /opt/airflow/dags
[2025-08-18T22:41:13.207+0000] {manager.py:740} INFO - There are 0 files in /opt/airflow/dags
[2025-08-18T23:00:15.424+0000] {manager.py:737} INFO - Searching for files in /opt/airflow/dags
[2025-08-18T23:00:15.427+0000] {manager.py:740} INFO - There are 0 files in /opt/airflow/dags
[2025-08-18T23:05:16.292+0000] {manager.py:737} INFO - Searching for files in /opt/airflow/dags
[2025-08-18T23:05:16.295+0000] {manager.py:740} INFO - There are 0 files in /opt/airflow/dags
[2025-08-18T23:10:17.104+0000] {manager.py:737} INFO - Searching for files in /opt/airflow/dags
[2025-08-18T23:10:17.105+0000] {manager.py:740} INFO - There are 0 files in /opt/airflow/dags
[2025-08-18T23:15:17.903+0000] {manager.py:737} INFO - Searching for files in /opt/airflow/dags
[2025-08-18T23:15:17.905+0000] {manager.py:740} INFO - There are 0 files in /opt/airflow/dags
[2025-08-18T23:24:50.386+0000] {manager.py:737} INFO - Searching for files in /opt/airflow/dags
[2025-08-18T23:24:50.388+0000] {manager.py:740} INFO - There are 0 files in /opt/airflow/dags
[2025-08-18T23:29:51.045+0000] {manager.py:737} INFO - Searching for files in /opt/airflow/dags
[2025-08-18T23:29:51.046+0000] {manager.py:740} INFO - There are 0 files in /opt/airflow/dags
[2025-08-18T23:34:51.725+0000] {manager.py:737} INFO - Searching for files in /opt/airflow/dags
[2025-08-18T23:34:51.727+0000] {manager.py:740} INFO - There are 0 files in /opt/airflow/dags
[2025-08-18T23:39:52.339+0000] {manager.py:737} INFO - Searching for files in /opt/airflow/dags
[2025-08-18T23:39:52.341+0000] {manager.py:740} INFO - There are 0 files in /opt/airflow/dags
[2025-08-18T23:44:52.946+0000] {manager.py:737} INFO - Searching for files in /opt/airflow/dags
[2025-08-18T23:44:52.948+0000] {manager.py:740} INFO - There are 0 files in /opt/airflow/dags
[2025-08-18T23:49:53.595+0000] {manager.py:737} INFO - Searching for files in /opt/airflow/dags
[2025-08-18T23:49:53.597+0000] {manager.py:740} INFO - There are 0 files in /opt/airflow/dags
[2025-08-18T23:54:54.279+0000] {manager.py:737} INFO - Searching for files in /opt/airflow/dags
[2025-08-18T23:54:54.281+0000] {manager.py:740} INFO - There are 0 files in /opt/airflow/dags
[2025-08-18T23:59:55.046+0000] {manager.py:737} INFO - Searching for files in /opt/airflow/dags
[2025-08-18T23:59:55.048+0000] {manager.py:740} INFO - There are 0 files in /opt/airflow/dags
[2025-08-19T00:04:55.846+0000] {manager.py:737} INFO - Searching for files in /opt/airflow/dags
[2025-08-19T00:04:55.848+0000] {manager.py:740} INFO - There are 0 files in /opt/airflow/dags
[2025-08-19T00:09:56.639+0000] {manager.py:737} INFO - Searching for files in /opt/airflow/dags
[2025-08-19T00:09:56.641+0000] {manager.py:740} INFO - There are 0 files in /opt/airflow/dags
[2025-08-19T00:14:57.369+0000] {manager.py:737} INFO - Searching for files in /opt/airflow/dags
[2025-08-19T00:14:57.372+0000] {manager.py:740} INFO - There are 0 files in /opt/airflow/dags
[2025-08-19T00:19:58.145+0000] {manager.py:737} INFO - Searching for files in /opt/airflow/dags
[2025-08-19T00:19:58.148+0000] {manager.py:740} INFO - There are 0 files in /opt/airflow/dags
[2025-08-19T00:24:58.934+0000] {manager.py:737} INFO - Searching for files in /opt/airflow/dags
[2025-08-19T00:24:58.936+0000] {manager.py:740} INFO - There are 0 files in /opt/airflow/dags
[2025-08-19T00:29:59.687+0000] {manager.py:737} INFO - Searching for files in /opt/airflow/dags
[2025-08-19T00:29:59.690+0000] {manager.py:740} INFO - There are 0 files in /opt/airflow/dags
[2025-08-19T00:35:00.415+0000] {manager.py:737} INFO - Searching for files in /opt/airflow/dags
[2025-08-19T00:35:00.418+0000] {manager.py:740} INFO - There are 0 files in /opt/airflow/dags
[2025-08-19T00:40:01.052+0000] {manager.py:737} INFO - Searching for files in /opt/airflow/dags
[2025-08-19T00:40:01.054+0000] {manager.py:740} INFO - There are 0 files in /opt/airflow/dags
[2025-08-19T00:45:01.760+0000] {manager.py:737} INFO - Searching for files in /opt/airflow/dags
[2025-08-19T00:45:01.763+0000] {manager.py:740} INFO - There are 0 files in /opt/airflow/dags
[2025-08-19T00:50:02.365+0000] {manager.py:737} INFO - Searching for files in /opt/airflow/dags
[2025-08-19T00:50:02.368+0000] {manager.py:740} INFO - There are 0 files in /opt/airflow/dags
[2025-08-19T00:55:02.962+0000] {manager.py:737} INFO - Searching for files in /opt/airflow/dags
[2025-08-19T00:55:02.963+0000] {manager.py:740} INFO - There are 0 files in /opt/airflow/dags
[2025-08-19T01:00:03.580+0000] {manager.py:737} INFO - Searching for files in /opt/airflow/dags
[2025-08-19T01:00:03.584+0000] {manager.py:740} INFO - There are 0 files in /opt/airflow/dags
[2025-08-19T01:05:04.229+0000] {manager.py:737} INFO - Searching for files in /opt/airflow/dags
[2025-08-19T01:05:04.232+0000] {manager.py:740} INFO - There are 0 files in /opt/airflow/dags
[2025-08-19T01:10:04.887+0000] {manager.py:737} INFO - Searching for files in /opt/airflow/dags
[2025-08-19T01:10:04.888+0000] {manager.py:740} INFO - There are 0 files in /opt/airflow/dags
[2025-08-19T01:15:05.525+0000] {manager.py:737} INFO - Searching for files in /opt/airflow/dags
[2025-08-19T01:15:05.526+0000] {manager.py:740} INFO - There are 0 files in /opt/airflow/dags
[2025-08-19T01:20:06.295+0000] {manager.py:737} INFO - Searching for files in /opt/airflow/dags
[2025-08-19T01:20:06.296+0000] {manager.py:740} INFO - There are 0 files in /opt/airflow/dags
[2025-08-19T01:25:07.091+0000] {manager.py:737} INFO - Searching for files in /opt/airflow/dags
[2025-08-19T01:25:07.094+0000] {manager.py:740} INFO - There are 0 files in /opt/airflow/dags
[2025-08-19T01:30:07.918+0000] {manager.py:737} INFO - Searching for files in /opt/airflow/dags
[2025-08-19T01:30:07.919+0000] {manager.py:740} INFO - There are 0 files in /opt/airflow/dags
[2025-08-19T01:35:08.560+0000] {manager.py:737} INFO - Searching for files in /opt/airflow/dags
[2025-08-19T01:35:08.561+0000] {manager.py:740} INFO - There are 0 files in /opt/airflow/dags
[2025-08-19T01:40:09.353+0000] {manager.py:737} INFO - Searching for files in /opt/airflow/dags
[2025-08-19T01:40:09.354+0000] {manager.py:740} INFO - There are 0 files in /opt/airflow/dags
[2025-08-19T01:45:10.091+0000] {manager.py:737} INFO - Searching for files in /opt/airflow/dags
[2025-08-19T01:45:10.093+0000] {manager.py:740} INFO - There are 0 files in /opt/airflow/dags
[2025-08-19T01:50:10.911+0000] {manager.py:737} INFO - Searching for files in /opt/airflow/dags
[2025-08-19T01:50:10.912+0000] {manager.py:740} INFO - There are 0 files in /opt/airflow/dags
[2025-08-19T08:30:29.421+0000] {manager.py:737} INFO - Searching for files in /opt/airflow/dags
[2025-08-19T08:30:29.423+0000] {manager.py:740} INFO - There are 0 files in /opt/airflow/dags
[2025-08-19T08:35:30.206+0000] {manager.py:737} INFO - Searching for files in /opt/airflow/dags
[2025-08-19T08:35:30.210+0000] {manager.py:740} INFO - There are 0 files in /opt/airflow/dags
[2025-08-19T08:40:30.989+0000] {manager.py:737} INFO - Searching for files in /opt/airflow/dags
[2025-08-19T08:40:30.995+0000] {manager.py:740} INFO - There are 0 files in /opt/airflow/dags
[2025-08-19T08:45:31.766+0000] {manager.py:737} INFO - Searching for files in /opt/airflow/dags
[2025-08-19T08:45:31.768+0000] {manager.py:740} INFO - There are 0 files in /opt/airflow/dags
[2025-08-19T09:22:28.552+0000] {manager.py:737} INFO - Searching for files in /opt/airflow/dags
[2025-08-19T09:22:28.555+0000] {manager.py:740} INFO - There are 0 files in /opt/airflow/dags
[2025-08-19T09:27:29.207+0000] {manager.py:737} INFO - Searching for files in /opt/airflow/dags
[2025-08-19T09:27:29.211+0000] {manager.py:740} INFO - There are 0 files in /opt/airflow/dags
[2025-08-19T10:07:00.770+0000] {manager.py:737} INFO - Searching for files in /opt/airflow/dags
[2025-08-19T10:07:00.824+0000] {manager.py:740} INFO - There are 0 files in /opt/airflow/dags
[2025-08-19T10:12:01.521+0000] {manager.py:737} INFO - Searching for files in /opt/airflow/dags
[2025-08-19T10:12:01.527+0000] {manager.py:740} INFO - There are 0 files in /opt/airflow/dags
[2025-08-19T10:17:01.791+0000] {manager.py:737} INFO - Searching for files in /opt/airflow/dags
[2025-08-19T10:17:01.794+0000] {manager.py:740} INFO - There are 0 files in /opt/airflow/dags
[2025-08-19T10:38:13.526+0000] {manager.py:737} INFO - Searching for files in /opt/airflow/dags
[2025-08-19T10:38:13.530+0000] {manager.py:740} INFO - There are 0 files in /opt/airflow/dags
[2025-08-19T10:43:13.730+0000] {manager.py:737} INFO - Searching for files in /opt/airflow/dags
[2025-08-19T10:43:13.735+0000] {manager.py:740} INFO - There are 0 files in /opt/airflow/dags
[2025-08-19T10:48:14.437+0000] {manager.py:737} INFO - Searching for files in /opt/airflow/dags
[2025-08-19T10:48:14.440+0000] {manager.py:740} INFO - There are 0 files in /opt/airflow/dags
[2025-08-19T10:53:15.209+0000] {manager.py:737} INFO - Searching for files in /opt/airflow/dags
[2025-08-19T10:53:15.211+0000] {manager.py:740} INFO - There are 0 files in /opt/airflow/dags
[2025-08-19T10:58:15.962+0000] {manager.py:737} INFO - Searching for files in /opt/airflow/dags
[2025-08-19T10:58:15.964+0000] {manager.py:740} INFO - There are 0 files in /opt/airflow/dags
[2025-08-19T11:00:40.580+0000] {manager.py:452} INFO - Exiting gracefully upon receiving signal 15
[2025-08-19T11:01:48.859+0000] {manager.py:470} INFO - Processing files using up to 2 processes at a time 
[2025-08-19T11:01:48.860+0000] {manager.py:471} INFO - Process each file at most once every 30 seconds
[2025-08-19T11:01:48.861+0000] {manager.py:472} INFO - Checking for new files in /opt/airflow/dags every 300 seconds
[2025-08-19T11:01:48.862+0000] {manager.py:737} INFO - Searching for files in /opt/airflow/dags
[2025-08-19T11:01:48.864+0000] {manager.py:740} INFO - There are 0 files in /opt/airflow/dags
[2025-08-19T11:06:49.639+0000] {manager.py:737} INFO - Searching for files in /opt/airflow/dags
[2025-08-19T11:06:49.643+0000] {manager.py:740} INFO - There are 0 files in /opt/airflow/dags
[2025-08-19T12:02:38.538+0000] {manager.py:737} INFO - Searching for files in /opt/airflow/dags
[2025-08-19T12:02:38.541+0000] {manager.py:740} INFO - There are 0 files in /opt/airflow/dags
[2025-08-19T12:42:01.514+0000] {manager.py:737} INFO - Searching for files in /opt/airflow/dags
[2025-08-19T12:42:01.520+0000] {manager.py:740} INFO - There are 0 files in /opt/airflow/dags
[2025-08-19T12:47:02.294+0000] {manager.py:737} INFO - Searching for files in /opt/airflow/dags
[2025-08-19T12:47:02.297+0000] {manager.py:740} INFO - There are 0 files in /opt/airflow/dags
[2025-08-19T12:52:03.010+0000] {manager.py:737} INFO - Searching for files in /opt/airflow/dags
[2025-08-19T12:52:03.013+0000] {manager.py:740} INFO - There are 0 files in /opt/airflow/dags
[2025-08-19T12:57:03.778+0000] {manager.py:737} INFO - Searching for files in /opt/airflow/dags
[2025-08-19T12:57:03.779+0000] {manager.py:740} INFO - There are 0 files in /opt/airflow/dags
[2025-08-19T13:02:04.538+0000] {manager.py:737} INFO - Searching for files in /opt/airflow/dags
[2025-08-19T13:02:04.540+0000] {manager.py:740} INFO - There are 0 files in /opt/airflow/dags
[2025-08-19T13:07:05.326+0000] {manager.py:737} INFO - Searching for files in /opt/airflow/dags
[2025-08-19T13:07:05.329+0000] {manager.py:740} INFO - There are 0 files in /opt/airflow/dags
[2025-08-19T13:37:43.446+0000] {manager.py:737} INFO - Searching for files in /opt/airflow/dags
[2025-08-19T13:37:43.449+0000] {manager.py:740} INFO - There are 0 files in /opt/airflow/dags
[2025-08-19T14:57:01.464+0000] {manager.py:737} INFO - Searching for files in /opt/airflow/dags
[2025-08-19T14:57:01.467+0000] {manager.py:740} INFO - There are 0 files in /opt/airflow/dags
[2025-08-19T15:02:02.306+0000] {manager.py:737} INFO - Searching for files in /opt/airflow/dags
[2025-08-19T15:02:02.310+0000] {manager.py:740} INFO - There are 0 files in /opt/airflow/dags
[2025-08-19T15:07:03.080+0000] {manager.py:737} INFO - Searching for files in /opt/airflow/dags
[2025-08-19T15:07:03.081+0000] {manager.py:740} INFO - There are 0 files in /opt/airflow/dags
[2025-08-19T15:12:03.846+0000] {manager.py:737} INFO - Searching for files in /opt/airflow/dags
[2025-08-19T15:12:03.849+0000] {manager.py:740} INFO - There are 0 files in /opt/airflow/dags
[2025-08-19T15:17:04.610+0000] {manager.py:737} INFO - Searching for files in /opt/airflow/dags
[2025-08-19T15:17:04.613+0000] {manager.py:740} INFO - There are 0 files in /opt/airflow/dags
[2025-08-19T15:22:05.332+0000] {manager.py:737} INFO - Searching for files in /opt/airflow/dags
[2025-08-19T15:22:05.335+0000] {manager.py:740} INFO - There are 0 files in /opt/airflow/dags
[2025-08-19T15:27:06.153+0000] {manager.py:737} INFO - Searching for files in /opt/airflow/dags
[2025-08-19T15:27:06.156+0000] {manager.py:740} INFO - There are 0 files in /opt/airflow/dags
[2025-08-19T15:32:06.625+0000] {manager.py:737} INFO - Searching for files in /opt/airflow/dags
[2025-08-19T15:32:06.629+0000] {manager.py:740} INFO - There are 0 files in /opt/airflow/dags
[2025-08-19T15:37:07.417+0000] {manager.py:737} INFO - Searching for files in /opt/airflow/dags
[2025-08-19T15:37:07.420+0000] {manager.py:740} INFO - There are 0 files in /opt/airflow/dags
[2025-08-19T15:42:08.201+0000] {manager.py:737} INFO - Searching for files in /opt/airflow/dags
[2025-08-19T15:42:08.203+0000] {manager.py:740} INFO - There are 0 files in /opt/airflow/dags
[2025-08-19T15:47:08.945+0000] {manager.py:737} INFO - Searching for files in /opt/airflow/dags
[2025-08-19T15:47:08.946+0000] {manager.py:740} INFO - There are 0 files in /opt/airflow/dags
[2025-08-19T15:52:09.729+0000] {manager.py:737} INFO - Searching for files in /opt/airflow/dags
[2025-08-19T15:52:09.733+0000] {manager.py:740} INFO - There are 0 files in /opt/airflow/dags
[2025-08-19T15:57:10.436+0000] {manager.py:737} INFO - Searching for files in /opt/airflow/dags
[2025-08-19T15:57:10.439+0000] {manager.py:740} INFO - There are 0 files in /opt/airflow/dags
[2025-08-19T16:02:11.209+0000] {manager.py:737} INFO - Searching for files in /opt/airflow/dags
[2025-08-19T16:02:11.212+0000] {manager.py:740} INFO - There are 0 files in /opt/airflow/dags
[2025-08-19T16:07:11.933+0000] {manager.py:737} INFO - Searching for files in /opt/airflow/dags
[2025-08-19T16:07:11.934+0000] {manager.py:740} INFO - There are 0 files in /opt/airflow/dags
[2025-08-19T16:12:12.345+0000] {manager.py:737} INFO - Searching for files in /opt/airflow/dags
[2025-08-19T16:12:12.360+0000] {manager.py:740} INFO - There are 0 files in /opt/airflow/dags
[2025-08-19T16:16:33.797+0000] {manager.py:452} INFO - Exiting gracefully upon receiving signal 15
[2025-08-19T23:56:57.832+0000] {manager.py:470} INFO - Processing files using up to 2 processes at a time 
[2025-08-19T23:56:57.833+0000] {manager.py:471} INFO - Process each file at most once every 30 seconds
[2025-08-19T23:56:57.833+0000] {manager.py:472} INFO - Checking for new files in /opt/airflow/dags every 300 seconds
[2025-08-19T23:56:57.833+0000] {manager.py:737} INFO - Searching for files in /opt/airflow/dags
[2025-08-19T23:56:57.833+0000] {manager.py:740} INFO - There are 0 files in /opt/airflow/dags
[2025-08-20T00:01:58.560+0000] {manager.py:737} INFO - Searching for files in /opt/airflow/dags
[2025-08-20T00:01:58.577+0000] {manager.py:740} INFO - There are 0 files in /opt/airflow/dags
[2025-08-20T00:06:58.833+0000] {manager.py:737} INFO - Searching for files in /opt/airflow/dags
[2025-08-20T00:06:58.852+0000] {manager.py:740} INFO - There are 0 files in /opt/airflow/dags
[2025-08-20T00:11:58.955+0000] {manager.py:737} INFO - Searching for files in /opt/airflow/dags
[2025-08-20T00:11:58.957+0000] {manager.py:740} INFO - There are 0 files in /opt/airflow/dags
[2025-08-20T00:16:58.975+0000] {manager.py:737} INFO - Searching for files in /opt/airflow/dags
[2025-08-20T00:16:58.977+0000] {manager.py:740} INFO - There are 0 files in /opt/airflow/dags
[2025-08-20T00:18:47.021+0000] {manager.py:452} INFO - Exiting gracefully upon receiving signal 15
[2025-08-20T00:19:56.146+0000] {manager.py:470} INFO - Processing files using up to 2 processes at a time 
[2025-08-20T00:19:56.147+0000] {manager.py:471} INFO - Process each file at most once every 30 seconds
[2025-08-20T00:19:56.147+0000] {manager.py:472} INFO - Checking for new files in /opt/airflow/dags every 300 seconds
[2025-08-20T00:19:56.147+0000] {manager.py:737} INFO - Searching for files in /opt/airflow/dags
[2025-08-20T00:19:56.148+0000] {manager.py:740} INFO - There are 0 files in /opt/airflow/dags
[2025-08-20T00:24:56.739+0000] {manager.py:737} INFO - Searching for files in /opt/airflow/dags
[2025-08-20T00:24:56.740+0000] {manager.py:740} INFO - There are 0 files in /opt/airflow/dags
[2025-08-20T00:29:57.385+0000] {manager.py:737} INFO - Searching for files in /opt/airflow/dags
[2025-08-20T00:29:57.386+0000] {manager.py:740} INFO - There are 0 files in /opt/airflow/dags
[2025-08-20T00:34:58.024+0000] {manager.py:737} INFO - Searching for files in /opt/airflow/dags
[2025-08-20T00:34:58.027+0000] {manager.py:740} INFO - There are 0 files in /opt/airflow/dags
[2025-08-20T00:35:12.742+0000] {manager.py:452} INFO - Exiting gracefully upon receiving signal 15
[2025-08-20T00:36:09.223+0000] {manager.py:470} INFO - Processing files using up to 2 processes at a time 
[2025-08-20T00:36:09.223+0000] {manager.py:471} INFO - Process each file at most once every 30 seconds
[2025-08-20T00:36:09.224+0000] {manager.py:472} INFO - Checking for new files in /opt/airflow/dags every 300 seconds
[2025-08-20T00:36:09.224+0000] {manager.py:737} INFO - Searching for files in /opt/airflow/dags
[2025-08-20T00:36:09.224+0000] {manager.py:740} INFO - There are 0 files in /opt/airflow/dags
[2025-08-20T00:38:46.772+0000] {manager.py:452} INFO - Exiting gracefully upon receiving signal 15
[2025-08-20T00:39:53.282+0000] {manager.py:470} INFO - Processing files using up to 2 processes at a time 
[2025-08-20T00:39:53.283+0000] {manager.py:471} INFO - Process each file at most once every 30 seconds
[2025-08-20T00:39:53.284+0000] {manager.py:472} INFO - Checking for new files in /opt/airflow/dags every 300 seconds
[2025-08-20T00:39:53.284+0000] {manager.py:737} INFO - Searching for files in /opt/airflow/dags
[2025-08-20T00:39:53.286+0000] {manager.py:740} INFO - There are 0 files in /opt/airflow/dags
[2025-08-20T00:44:53.968+0000] {manager.py:737} INFO - Searching for files in /opt/airflow/dags
[2025-08-20T00:44:53.969+0000] {manager.py:740} INFO - There are 0 files in /opt/airflow/dags
[2025-08-20T00:49:54.669+0000] {manager.py:737} INFO - Searching for files in /opt/airflow/dags
[2025-08-20T00:49:54.672+0000] {manager.py:740} INFO - There are 0 files in /opt/airflow/dags
[2025-08-20T00:54:55.244+0000] {manager.py:737} INFO - Searching for files in /opt/airflow/dags
[2025-08-20T00:54:55.246+0000] {manager.py:740} INFO - There are 0 files in /opt/airflow/dags
[2025-08-20T00:59:55.978+0000] {manager.py:737} INFO - Searching for files in /opt/airflow/dags
[2025-08-20T00:59:55.980+0000] {manager.py:740} INFO - There are 0 files in /opt/airflow/dags
[2025-08-20T01:04:56.678+0000] {manager.py:737} INFO - Searching for files in /opt/airflow/dags
[2025-08-20T01:04:56.680+0000] {manager.py:740} INFO - There are 0 files in /opt/airflow/dags
[2025-08-20T01:09:57.423+0000] {manager.py:737} INFO - Searching for files in /opt/airflow/dags
[2025-08-20T01:09:57.424+0000] {manager.py:740} INFO - There are 0 files in /opt/airflow/dags
[2025-08-20T01:14:58.131+0000] {manager.py:737} INFO - Searching for files in /opt/airflow/dags
[2025-08-20T01:14:58.134+0000] {manager.py:740} INFO - There are 0 files in /opt/airflow/dags
[2025-08-20T01:19:58.862+0000] {manager.py:737} INFO - Searching for files in /opt/airflow/dags
[2025-08-20T01:19:58.863+0000] {manager.py:740} INFO - There are 0 files in /opt/airflow/dags
[2025-08-20T01:24:59.472+0000] {manager.py:737} INFO - Searching for files in /opt/airflow/dags
[2025-08-20T01:24:59.476+0000] {manager.py:740} INFO - There are 0 files in /opt/airflow/dags
[2025-08-20T01:28:04.808+0000] {manager.py:452} INFO - Exiting gracefully upon receiving signal 15
[2025-08-20T09:42:04.297+0000] {manager.py:470} INFO - Processing files using up to 2 processes at a time 
[2025-08-20T09:42:04.299+0000] {manager.py:471} INFO - Process each file at most once every 30 seconds
[2025-08-20T09:42:04.299+0000] {manager.py:472} INFO - Checking for new files in /opt/airflow/dags every 300 seconds
[2025-08-20T09:42:04.300+0000] {manager.py:737} INFO - Searching for files in /opt/airflow/dags
[2025-08-20T09:42:04.302+0000] {manager.py:740} INFO - There are 0 files in /opt/airflow/dags
[2025-08-20T09:47:05.080+0000] {manager.py:737} INFO - Searching for files in /opt/airflow/dags
[2025-08-20T09:47:05.083+0000] {manager.py:740} INFO - There are 0 files in /opt/airflow/dags
[2025-08-20T09:52:05.821+0000] {manager.py:737} INFO - Searching for files in /opt/airflow/dags
[2025-08-20T09:52:05.830+0000] {manager.py:740} INFO - There are 0 files in /opt/airflow/dags
[2025-08-20T09:57:06.597+0000] {manager.py:737} INFO - Searching for files in /opt/airflow/dags
[2025-08-20T09:57:06.599+0000] {manager.py:740} INFO - There are 0 files in /opt/airflow/dags
[2025-08-20T10:28:31.495+0000] {manager.py:737} INFO - Searching for files in /opt/airflow/dags
[2025-08-20T10:28:31.499+0000] {manager.py:740} INFO - There are 0 files in /opt/airflow/dags
[2025-08-20T10:33:32.226+0000] {manager.py:737} INFO - Searching for files in /opt/airflow/dags
[2025-08-20T10:33:32.230+0000] {manager.py:740} INFO - There are 0 files in /opt/airflow/dags
[2025-08-20T10:38:32.984+0000] {manager.py:737} INFO - Searching for files in /opt/airflow/dags
[2025-08-20T10:38:32.987+0000] {manager.py:740} INFO - There are 0 files in /opt/airflow/dags
[2025-08-20T10:43:33.705+0000] {manager.py:737} INFO - Searching for files in /opt/airflow/dags
[2025-08-20T10:43:33.709+0000] {manager.py:740} INFO - There are 0 files in /opt/airflow/dags
[2025-08-20T10:48:34.463+0000] {manager.py:737} INFO - Searching for files in /opt/airflow/dags
[2025-08-20T10:48:34.464+0000] {manager.py:740} INFO - There are 0 files in /opt/airflow/dags
